746 nets failed to route:
 x7_r[4]
 _10751_[8]
 _10405_
 _81_
 _5739_
 _6195_
 _10342_
 _67_
 _12_
 _6331_
 _702_
 x2_i[10]
 _5492__bF$buf60
 _6073_
 _9855_
 ifft_bF$buf18
 _44_
 _8929_
 _9267_
 _9454_
 x1_i[0]
 _4247_
 _5807_
 _620_
 _613_
 _6737_
 _5797_
 _5806_
 _9118_
 _8584_
 x0_r[14]
 _9305_
 _7198_
 _5357_
 _4270_
 _6210_
 _5016_
 _4293_
 _701_
 _1068_
 _8053_
 _8778_
 x2_r[7]
 _8968_
 _9153_
 y2_i[5]
 _216_
 _768_
 _5492__bF$buf61
 _9375_
 _3792_
 _4099_
 _9080_
 _4052_
 _1522_
 _5997_
 _2011_
 _2550_
 _1787_
 _1962_
 _2627_
 _9265_
 _10526_
 _1608_
 _1693_
 _591_
 _6611_
 _1151_
 _1593_
 _1524_
 _5947_
 _5944_
 y6_r[4]
 _5611_
 _8664_
 _10093_
 _9485_
 _87_
 _1276_
 _9506_
 _7499_
 _8617_
 _9958_
 _9271_
 _5665_
 _10757_[7]
 _6491_
 _754_
 y6_i[11]
 _5302_
 _5524_
 _2887_
 x6_i[4]
 x3_r[4]
 _9436_
 x3_r[5]
 _8727_
 _7057_
 _7594_
 _88_
 _8790_
 _8789_
 _2528_
 _3478_
 _2911_
 _10756_[9]
 _10756_[10]
 _849_
 _6302_
 _6260_
 _10755_[3]
 _4527_
 _10754_[11]
 _6425_
 _10750_[9]
 y2_i[8]
 _10758_[5]
 _9517_
 _6006_
 _10669_
 _61_
 _1110_
 _7465_
 _894_
 _841_
 _10758_[6]
 _4241_
 _5608_
 _5492__hier0_bF$buf5
 _10370_
 _5279_
 _340_
 _7757_
 _10621_
 _7842_
 _6324_
 _10362_
 _7885_
 _1318_
 _5156_
 _533_
 _5492__bF$buf36
 y4_r[14]
 _6334_
 y0_r[15]
 y0_r[12]
 _6240_
 _7788_
 _9830_
 _5510_
 _8114_
 _7669_
 _6131_
 _7298_
 _1940_
 _6813_
 _7774_
 _1476_
 _9505_
 _10067_
 _9620_
 _8905_
 _9537_
 _6112_
 _9420_
 _6351_
 _6266_
 _9432_
 x4_i[14]
 _9292_
 _9313_
 _9412_
 x0_r[0]
 _334_
 x4_i[10]
 _5137_
 x6_r[8]
 _9104_
 _9107_
 _6414_
 _10754_[12]
 _10758_[10]
 x2_r[8]
 y7_r[3]
 _10754_[13]
 y6_r[0]
 _10353_
 _10398_
 _8279_
 _10509_
 _8796_
 y2_i[14]
 _4946_
 y4_i[5]
 _10750_[13]
 _5541_
 _10575_
 _8807_
 _10758_[8]
 _10765_[13]
 _10758_[0]
 _10476_
 _9315_
 _422_
 ifft_hier0_bF$buf6
 y0_i[3]
 x3_r[0]
 x4_i[7]
 _10420_
 _5265_
 _10746_
 _10241_
 _697_
 _957_
 _4522_
 y0_i[13]
 _10755_[2]
 _10754_[7]
 _10757_[11]
 y7_r[1]
 _985_
 _4578_
 _6427_
 _9666_
 _9597_
 _1281_
 _1316_
 _1461_
 _7810_
 _7877_
 _10110_
 _10212_
 _9981_
 _5824_
 _9734_
 _8603_
 _1170_
 _1123_
 _10435_
 _10430_
 _10383_
 _1191_
 _10460_
 _8082_
 _10736_
 _9883_
 _1289_
 _9533_
 _10666_
 _9521_
 _1109_
 _9512_
 _1086_
 _9320_
 _1087_
 _5901_
 _1062_
 _5492_
 _107_
 _1452_
 _510_
 _6820_
 _6065_
 _6884_
 _8023_
 _5492__bF$buf18
 _5171_
 _5170_
 _10765_[2]
 ifft
 _3715_
 _937_
 _6423_
 _10757_[14]
 _7519_
 _3308_
 y2_r[6]
 x4_i[9]
 _5802_
 _10765_[7]
 y4_i[7]
 _723_
 _6497_
 _10757_[13]
 x0_i[6]
 _4520_
 y3_r[0]
 _10762_[13]
 _1416_
 _898_
 _10757_[8]
 _6300_
 _855_
 _10765_[1]
 _6542_
 y3_r[5]
 _6453_
 _5492__bF$buf9
 _6536_
 _5532_
 _3906_
 _3956_
 _5879_
 _5861_
 _775_
 _10756_[2]
 ifft_bF$buf28
 _652_
 _7753_
 _6237_
 _10754_[8]
 _10762_[8]
 _751_
 _6381_
 _10757_[1]
 _6148_
 _3411_
 _653_
 _675_
 x4_i[5]
 ifft_hier0_bF$buf3
 _4565_
 _10757_[2]
 _6193_
 _10756_[3]
 _5290_
 _4351_
 _3283_
 _6051_
 _5492__bF$buf48
 _3626_
 _3955_
 _8978_
 _144_
 _6476_
 _1422_
 _1417_
 _77_
 _7905_
 _10750_[7]
 _4748_
 _4013_
 _4017_
 _6898_
 _6295_
 _871_
 _6417_
 _6492_
 _5472_
 _5671_
 _6329_
 ifft_bF$buf47
 _1834_
 _6368_
 _5492__bF$buf40
 _9871_
 _9881_
 _9940_
 _5_
 _109_
 x4_r[6]
 _1056_
 _8871_
 _8468_
 _8788_
 _8398_
 _8464_
 _8787_
 _10475_
 _8657_
 _9322_
 _9333_
 _9489_
 _9327_
 _10668_
 _5487_
 _5489_
 _9277_
 _9274_
 _9256_
 _8542_
 _8347_
 _9006_
 _8528_
 _8498_
 y4_r[6]
 _8959_
 _9260_
 _1090_
 _9012_
 ifft_bF$buf38
 _8056_
 _9899_
 _8116_
 _7300_
 _7819_
 _7884_
 _10756_[1]
 _7254_
 _7560_
 _6082_
 _7624_
 _7044_
 _360_
 _9065_
 _9827_
 _9255_
 _6511_
 _9119_
 _10762_[11]
 _10750_[8]
 y4_i[14]
 _7124_
 y3_r[4]
 y2_i[4]
 _7148_
 _852_
 ifft_bF$buf27
 _10754_[9]
 _4948_
 _899_
 _6493_
 _4951_
 _10765_[11]
 _9893_
 _10692_
 _1116_
 _10762_[7]
 _5432_
 _5318_
 _7147_
 _10755_[10]
 _896_
 _7051_
 _931_
 _10762_[14]
 y7_i[3]
 y7_i[7]
 y3_i[14]
 y7_i[5]
 _6956_
 ifft_bF$buf35
 _7011_
 _3975_
 _926_
 _7396_
 _4242_
 _5157_
 _10762_[9]
 _6424_
 _5451_
 _704_
 _5620_
 x4_i[8]
 _6372_
 _6500_
 _10756_[14]
 _6501_
 _746_
 _5294_
 _5216_
 _10255_
 _10163_
 ifft_bF$buf3
 _9472_
 _7208_
 x5_i[3]
 _9266_
 _9280_
 _9642_
 _9288_
 _4781_
 _5252_
 _6419_
 _4039_
 _564_
 _10755_[1]
 _10452_
 _5521_
 _729_
 _10757_[12]
 x4_r[3]
 _5600_
 _4261_
 _4988_
 _6362_
 _5180_
 _876_
 _5320_
 _4823_
 y3_i[1]
 _5244_
 _4820_
 _4674_
 _5215_
 _4825_
 _5319_
 _6104_
 _5250_
 _6212_
 _6208_
 _5073_
 _3835_
 _10756_[0]
 _3758_
 _2161_
 _2813_
 _1470_
 _3458_
 _2522_
 _1976_
 _5492__bF$buf16
 _10360_
 _10318_
 _1172_
 _967_
 _83_
 _8216_
 _9880_
 _9707_
 _9323_
 _10665_
 _10513_
 _8208_
 _8658_
 _8662_
 _8660_
 _7879_
 _1412_
 _1403_
 y6_r[6]
 _4798_
 _6301_
 _6456_
 _5610_
 _6539_
 _658_
 _671_
 _6088_
 _3642_
 _4613_
 _689_
 _625_
 _4675_
 _649_
 _4546_
 _664_
 _1432_
 _431_
 _1433_
 _10754_[3]
 _427_
 _385_
 _277_
 _10765_[10]
 _10763_[6]
 _1411_
 _5492__hier0_bF$buf0
 ifft_bF$buf55
 _5492__bF$buf50
 _180_
 ifft_bF$buf17
 _509_
 _7541_
 _7639_
 _9325_
 _9523_
 _9784_
 _9687_
 _9688_
 _9661_
 ifft_bF$buf43
 _1323_
 _89_
 _1465_
 _6078_
 _2383_
 x0_r[6]
 _8971_
 _10561_
 _8970_
 _5758_
 _8952_
 _8525_
 _8467_
 _10546_
 _8964_
 _10524_
 _10557_
 _8813_
 _9157_
 _6674_
 _10521_
 _9128_
 _8290_
 _8207_
 _5914_
 _10355_
 _10354_
 _10422_
 _567_
 _5492__bF$buf56
 _6033_
 _8870_
 _8001_
 _7411_
 _1178_
 _10175_
 _1157_
 _8123_
 _10108_
 _568_
 _8914_
 _7895_
 _60_
 _10343_
 _7250_
 _7257_
 _5976_
 _157_
 _9782_
 _9781_
 _2369_
 _10186_
 _11_
 _10088_
 _10740_
 _10752_[11]
 _6712_
 _10333_
 _9670_
 _9522_
 _9889_
 _1140_
 _9904_
 _9869_
 _1119_
 _54_
 _9316_
 _9708_
 _10644_
 _9667_
 _1146_
 _10592_
 ifft_bF$buf1
 _9698_
 _9598_
 ifft_bF$buf6
 _8615_
 _10434_
 y0_r[14]
 y0_r[10]
 _9641_
 _8597_
 _9607_
 _8718_
 _9462_
 _5952_
 _9424_
 _9951_
 _9629_
 _9460_
 _9617_
 _9625_
 _6835_
 _1912_
 _10760_[14]
 _9628_
 _9262_
 _9947_
 _7186_
 _9622_
 _8775_
 _9004_
 _7517_
 _8784_
 _9167_
 _10562_
 _9061_
 _7156_
 _7202_
 _9605_
 _9269_
 _9427_
 _5494_
 _9434_
 _10755_[5]
 _10159_
 _5387_
 _7153_
 x4_r[14]
 _5386_
 _9464_
 _1924_
 _10755_[9]
 x3_r[3]
 _9350_
 _10753_[15]
 _9112_
 x2_i[4]
 _5999_
 _9246_
 y2_r[5]
 _9270_
 _9108_
 _8921_
 _3697_
 _9475_
 x5_i[2]
 _9082_
 _9287_
 _9476_
 _9109_
 _5656_
 _8951_
 x7_r[1]
 _5686_
 _10573_
 _6487_
 _10477_
 _9137_
 _9321_
 _10531_
 _9139_
 _9156_
 _8679_
 _9529_
 x7_r[0]
 _8288_
 _9988_
 _6883_
 _2414_
 _504_
 _7199_
 _9114_
 _7028_
 _316_
 _9461_
 _598_
 _7647_
 _1396_
 _3459_
 _1611_
 _2733_
 _3790_
 x1_i[3]
